Archive member included to satisfy reference by file (symbol)

/Users/evemorgen/opt/gcc-arm-none-eabi-6-2017-q1-update/bin/../lib/gcc/arm-none-eabi/6.3.1/../../../../arm-none-eabi/lib/thumb/v7e-m/libg_nano.a(lib_a-errno.o)
                              ./system/src/newlib/_sbrk.o (__errno)
/Users/evemorgen/opt/gcc-arm-none-eabi-6-2017-q1-update/bin/../lib/gcc/arm-none-eabi/6.3.1/../../../../arm-none-eabi/lib/thumb/v7e-m/libg_nano.a(lib_a-impure.o)
                              /Users/evemorgen/opt/gcc-arm-none-eabi-6-2017-q1-update/bin/../lib/gcc/arm-none-eabi/6.3.1/../../../../arm-none-eabi/lib/thumb/v7e-m/libg_nano.a(lib_a-errno.o) (_impure_ptr)
/Users/evemorgen/opt/gcc-arm-none-eabi-6-2017-q1-update/bin/../lib/gcc/arm-none-eabi/6.3.1/../../../../arm-none-eabi/lib/thumb/v7e-m/libg_nano.a(lib_a-strlen.o)
                              ./system/src/diag/Trace.o (strlen)
/Users/evemorgen/opt/gcc-arm-none-eabi-6-2017-q1-update/bin/../lib/gcc/arm-none-eabi/6.3.1/../../../../arm-none-eabi/lib/thumb/v7e-m/libg_nano.a(lib_a-vsnprintf.o)
                              ./system/src/diag/Trace.o (vsnprintf)
/Users/evemorgen/opt/gcc-arm-none-eabi-6-2017-q1-update/bin/../lib/gcc/arm-none-eabi/6.3.1/../../../../arm-none-eabi/lib/thumb/v7e-m/libg_nano.a(lib_a-nano-svfprintf.o)
                              /Users/evemorgen/opt/gcc-arm-none-eabi-6-2017-q1-update/bin/../lib/gcc/arm-none-eabi/6.3.1/../../../../arm-none-eabi/lib/thumb/v7e-m/libg_nano.a(lib_a-vsnprintf.o) (_svfprintf_r)
/Users/evemorgen/opt/gcc-arm-none-eabi-6-2017-q1-update/bin/../lib/gcc/arm-none-eabi/6.3.1/../../../../arm-none-eabi/lib/thumb/v7e-m/libg_nano.a(lib_a-nano-vfprintf_i.o)
                              /Users/evemorgen/opt/gcc-arm-none-eabi-6-2017-q1-update/bin/../lib/gcc/arm-none-eabi/6.3.1/../../../../arm-none-eabi/lib/thumb/v7e-m/libg_nano.a(lib_a-nano-svfprintf.o) (_printf_i)
/Users/evemorgen/opt/gcc-arm-none-eabi-6-2017-q1-update/bin/../lib/gcc/arm-none-eabi/6.3.1/../../../../arm-none-eabi/lib/thumb/v7e-m/libg_nano.a(lib_a-memchr.o)
                              /Users/evemorgen/opt/gcc-arm-none-eabi-6-2017-q1-update/bin/../lib/gcc/arm-none-eabi/6.3.1/../../../../arm-none-eabi/lib/thumb/v7e-m/libg_nano.a(lib_a-nano-svfprintf.o) (memchr)
/Users/evemorgen/opt/gcc-arm-none-eabi-6-2017-q1-update/bin/../lib/gcc/arm-none-eabi/6.3.1/../../../../arm-none-eabi/lib/thumb/v7e-m/libg_nano.a(lib_a-memcpy-stub.o)
                              /Users/evemorgen/opt/gcc-arm-none-eabi-6-2017-q1-update/bin/../lib/gcc/arm-none-eabi/6.3.1/../../../../arm-none-eabi/lib/thumb/v7e-m/libg_nano.a(lib_a-nano-svfprintf.o) (memcpy)
/Users/evemorgen/opt/gcc-arm-none-eabi-6-2017-q1-update/bin/../lib/gcc/arm-none-eabi/6.3.1/../../../../arm-none-eabi/lib/thumb/v7e-m/libg_nano.a(lib_a-memmove.o)
                              /Users/evemorgen/opt/gcc-arm-none-eabi-6-2017-q1-update/bin/../lib/gcc/arm-none-eabi/6.3.1/../../../../arm-none-eabi/lib/thumb/v7e-m/libg_nano.a(lib_a-nano-svfprintf.o) (memmove)
/Users/evemorgen/opt/gcc-arm-none-eabi-6-2017-q1-update/bin/../lib/gcc/arm-none-eabi/6.3.1/../../../../arm-none-eabi/lib/thumb/v7e-m/libg_nano.a(lib_a-nano-freer.o)
                              /Users/evemorgen/opt/gcc-arm-none-eabi-6-2017-q1-update/bin/../lib/gcc/arm-none-eabi/6.3.1/../../../../arm-none-eabi/lib/thumb/v7e-m/libg_nano.a(lib_a-nano-svfprintf.o) (_free_r)
/Users/evemorgen/opt/gcc-arm-none-eabi-6-2017-q1-update/bin/../lib/gcc/arm-none-eabi/6.3.1/../../../../arm-none-eabi/lib/thumb/v7e-m/libg_nano.a(lib_a-nano-mallocr.o)
                              /Users/evemorgen/opt/gcc-arm-none-eabi-6-2017-q1-update/bin/../lib/gcc/arm-none-eabi/6.3.1/../../../../arm-none-eabi/lib/thumb/v7e-m/libg_nano.a(lib_a-nano-svfprintf.o) (_malloc_r)
/Users/evemorgen/opt/gcc-arm-none-eabi-6-2017-q1-update/bin/../lib/gcc/arm-none-eabi/6.3.1/../../../../arm-none-eabi/lib/thumb/v7e-m/libg_nano.a(lib_a-nano-reallocr.o)
                              /Users/evemorgen/opt/gcc-arm-none-eabi-6-2017-q1-update/bin/../lib/gcc/arm-none-eabi/6.3.1/../../../../arm-none-eabi/lib/thumb/v7e-m/libg_nano.a(lib_a-nano-svfprintf.o) (_realloc_r)
/Users/evemorgen/opt/gcc-arm-none-eabi-6-2017-q1-update/bin/../lib/gcc/arm-none-eabi/6.3.1/../../../../arm-none-eabi/lib/thumb/v7e-m/libg_nano.a(lib_a-sbrkr.o)
                              /Users/evemorgen/opt/gcc-arm-none-eabi-6-2017-q1-update/bin/../lib/gcc/arm-none-eabi/6.3.1/../../../../arm-none-eabi/lib/thumb/v7e-m/libg_nano.a(lib_a-nano-mallocr.o) (_sbrk_r)
/Users/evemorgen/opt/gcc-arm-none-eabi-6-2017-q1-update/bin/../lib/gcc/arm-none-eabi/6.3.1/../../../../arm-none-eabi/lib/thumb/v7e-m/libg_nano.a(lib_a-mlock.o)
                              /Users/evemorgen/opt/gcc-arm-none-eabi-6-2017-q1-update/bin/../lib/gcc/arm-none-eabi/6.3.1/../../../../arm-none-eabi/lib/thumb/v7e-m/libg_nano.a(lib_a-nano-freer.o) (__malloc_lock)
[...]
Memory Configuration

Name             Origin             Length             Attributes
RAM              0x0000000020000000 0x0000000000010000 xrw
CCMRAM           0x0000000010000000 0x0000000000000000 xrw
FLASH            0x0000000008000000 0x0000000000100000 xr
FLASHB1          0x0000000000000000 0x0000000000000000 xr
EXTMEMB0         0x0000000000000000 0x0000000000000000 xr
EXTMEMB1         0x0000000000000000 0x0000000000000000 xr
EXTMEMB2         0x0000000000000000 0x0000000000000000 xr
EXTMEMB3         0x0000000000000000 0x0000000000000000 xr
*default*        0x0000000000000000 0xffffffffffffffff

Linker script and memory map

LOAD ./system/src/stm32f4-hal/stm32f4xx_hal.o
LOAD ./system/src/stm32f4-hal/stm32f4xx_hal_cortex.o
LOAD ./system/src/stm32f4-hal/stm32f4xx_hal_flash.o
LOAD ./system/src/stm32f4-hal/stm32f4xx_hal_flash_ex.o
LOAD ./system/src/stm32f4-hal/stm32f4xx_hal_flash_ramfunc.o
LOAD ./system/src/stm32f4-hal/stm32f4xx_hal_gpio.o
LOAD ./system/src/stm32f4-hal/stm32f4xx_hal_iwdg.o
LOAD ./system/src/stm32f4-hal/stm32f4xx_hal_pcd_ex.o
LOAD ./system/src/stm32f4-hal/stm32f4xx_hal_pwr.o
LOAD ./system/src/stm32f4-hal/stm32f4xx_hal_pwr_ex.o
LOAD ./system/src/stm32f4-hal/stm32f4xx_hal_rcc.o
LOAD ./system/src/stm32f4-hal/stm32f4xx_hal_rcc_ex.o
LOAD ./system/src/stm32f4-hal/stm32f4xx_hal_uart.o
LOAD ./system/src/stm32f4-hal/stm32f4xx_hal_usart.o
LOAD ./system/src/newlib/_cxx.o
LOAD ./system/src/newlib/_exit.o
LOAD ./system/src/newlib/_sbrk.o
LOAD ./system/src/newlib/_startup.o
LOAD ./system/src/newlib/_syscalls.o
LOAD ./system/src/newlib/assert.o
LOAD ./system/src/diag/Trace.o
LOAD ./system/src/diag/trace_impl.o
LOAD ./system/src/cortexm/_initialize_hardware.o
LOAD ./system/src/cortexm/_reset_hardware.o
LOAD ./system/src/cortexm/exception_handlers.o
LOAD ./system/src/cmsis/system_stm32f4xx.o
LOAD ./system/src/cmsis/vectors_stm32f4xx.o
LOAD ./src/_initialize_hardware.o
LOAD ./src/_write.o
LOAD ./src/main.o
LOAD /Users/evemorgen/opt/gcc-arm-none-eabi-6-2017-q1-update/bin/../lib/gcc/arm-none-eabi/6.3.1/../../../../arm-none-eabi/lib/thumb/v7e-m/libstdc++_nano.a
LOAD /Users/evemorgen/opt/gcc-arm-none-eabi-6-2017-q1-update/bin/../lib/gcc/arm-none-eabi/6.3.1/../../../../arm-none-eabi/lib/thumb/v7e-m/libm.a
START GROUP
LOAD /Users/evemorgen/opt/gcc-arm-none-eabi-6-2017-q1-update/bin/../lib/gcc/arm-none-eabi/6.3.1/thumb/v7e-m/libgcc.a
LOAD /Users/evemorgen/opt/gcc-arm-none-eabi-6-2017-q1-update/bin/../lib/gcc/arm-none-eabi/6.3.1/../../../../arm-none-eabi/lib/thumb/v7e-m/libg_nano.a
LOAD /Users/evemorgen/opt/gcc-arm-none-eabi-6-2017-q1-update/bin/../lib/gcc/arm-none-eabi/6.3.1/../../../../arm-none-eabi/lib/thumb/v7e-m/libc_nano.a
END GROUP
START GROUP
LOAD /Users/evemorgen/opt/gcc-arm-none-eabi-6-2017-q1-update/bin/../lib/gcc/arm-none-eabi/6.3.1/thumb/v7e-m/libgcc.a
LOAD /Users/evemorgen/opt/gcc-arm-none-eabi-6-2017-q1-update/bin/../lib/gcc/arm-none-eabi/6.3.1/../../../../arm-none-eabi/lib/thumb/v7e-m/libc_nano.a
END GROUP
                0x0000000020010000                __stack = (ORIGIN (RAM) + LENGTH (RAM))
                0x0000000020010000                _estack = __stack
                0x0000000000000400                __Main_Stack_Size = 0x400
                [!provide]                        PROVIDE (_Main_Stack_Size, __Main_Stack_Size)
                0x000000002000fc00                __Main_Stack_Limit = (__stack - __Main_Stack_Size)
                [!provide]                        PROVIDE (_Main_Stack_Limit, __Main_Stack_Limit)
                0x0000000000000100                _Minimum_Stack_Size = 0x100
                0x0000000020000168                PROVIDE (_Heap_Begin, _end_noinit)
                0x000000002000fc00                PROVIDE (_Heap_Limit, (__stack - __Main_Stack_Size))

.isr_vector     0x0000000008000000      0x2f6
 FILL mask 0xff
                0x0000000008000000                __vectors_start__ = ABSOLUTE (.)
 *(.isr_vector)
 .isr_vector    0x0000000008000000      0x1ac ./system/src/cmsis/vectors_stm32f4xx.o
                0x0000000008000000                __isr_vectors
 *(.cfmconfig)
 *(.after_vectors .after_vectors.*)
 .after_vectors
                0x00000000080001ac      0x130 ./system/src/newlib/_startup.o
                0x00000000080001ac                _start
 .after_vectors
                0x00000000080002dc       0x18 ./system/src/cortexm/exception_handlers.o
                0x00000000080002dc                Reset_Handler
                0x00000000080002e2                NMI_Handler
                0x00000000080002e4                HardFault_Handler
                0x00000000080002e6                MemManage_Handler
                0x00000000080002e8                BusFault_Handler
                0x00000000080002ea                UsageFault_Handler
                0x00000000080002ec                SVC_Handler
                0x00000000080002ee                DebugMon_Handler
                0x00000000080002f0                PendSV_Handler
                0x00000000080002f2                SysTick_Handler
 .after_vectors
                0x00000000080002f4        0x2 ./system/src/cmsis/vectors_stm32f4xx.o
                0x00000000080002f4                DMA1_Stream3_IRQHandler
                0x00000000080002f4                HASH_RNG_IRQHandler
                0x00000000080002f4                EXTI2_IRQHandler
                0x00000000080002f4                TIM8_CC_IRQHandler
                0x00000000080002f4                UART8_IRQHandler
                0x00000000080002f4                SPI4_IRQHandler
                0x00000000080002f4                TIM1_CC_IRQHandler
                0x00000000080002f4                DMA2_Stream5_IRQHandler
                0x00000000080002f4                DMA1_Stream5_IRQHandler
                0x00000000080002f4                PVD_IRQHandler
                0x00000000080002f4                SDIO_IRQHandler
                0x00000000080002f4                TAMP_STAMP_IRQHandler
                0x00000000080002f4                CAN2_RX1_IRQHandler
                0x00000000080002f4                EXTI3_IRQHandler
                0x00000000080002f4                TIM8_TRG_COM_TIM14_IRQHandler
                0x00000000080002f4                TIM1_UP_TIM10_IRQHandler
                0x00000000080002f4                TIM8_UP_TIM13_IRQHandler
                0x00000000080002f4                I2C3_ER_IRQHandler
                0x00000000080002f4                EXTI0_IRQHandler
                0x00000000080002f4                I2C2_EV_IRQHandler
                0x00000000080002f4                DMA1_Stream2_IRQHandler
                0x00000000080002f4                CAN1_RX0_IRQHandler
                0x00000000080002f4                FPU_IRQHandler
                0x00000000080002f4                OTG_HS_WKUP_IRQHandler
                0x00000000080002f4                LTDC_ER_IRQHandler
                0x00000000080002f4                CAN2_SCE_IRQHandler
                0x00000000080002f4                DMA2_Stream2_IRQHandler
                0x00000000080002f4                SPI1_IRQHandler
                0x00000000080002f4                TIM6_DAC_IRQHandler
                0x00000000080002f4                TIM1_BRK_TIM9_IRQHandler
                0x00000000080002f4                DCMI_IRQHandler
                0x00000000080002f4                CAN2_RX0_IRQHandler
                0x00000000080002f4                DMA2_Stream3_IRQHandler
                0x00000000080002f4                USART6_IRQHandler
                0x00000000080002f4                USART3_IRQHandler
                0x00000000080002f4                CAN1_RX1_IRQHandler
                0x00000000080002f4                UART5_IRQHandler
                0x00000000080002f4                DMA2_Stream0_IRQHandler
                0x00000000080002f4                TIM4_IRQHandler
                0x00000000080002f4                I2C1_EV_IRQHandler
                0x00000000080002f4                DMA1_Stream6_IRQHandler
                0x00000000080002f4                DMA1_Stream1_IRQHandler
                0x00000000080002f4                UART4_IRQHandler
                0x00000000080002f4                TIM3_IRQHandler
                0x00000000080002f4                RCC_IRQHandler
                0x00000000080002f4                TIM8_BRK_TIM12_IRQHandler
                0x00000000080002f4                Default_Handler
                0x00000000080002f4                EXTI15_10_IRQHandler
                0x00000000080002f4                ADC_IRQHandler
                0x00000000080002f4                DMA1_Stream7_IRQHandler
                0x00000000080002f4                SPI5_IRQHandler
                0x00000000080002f4                TIM7_IRQHandler
                0x00000000080002f4                CAN2_TX_IRQHandler
                0x00000000080002f4                TIM5_IRQHandler
                0x00000000080002f4                DMA2_Stream7_IRQHandler
                0x00000000080002f4                I2C3_EV_IRQHandler
                0x00000000080002f4                EXTI9_5_IRQHandler
                0x00000000080002f4                RTC_WKUP_IRQHandler
                0x00000000080002f4                LTDC_IRQHandler
                0x00000000080002f4                ETH_WKUP_IRQHandler
                0x00000000080002f4                SPI2_IRQHandler
                0x00000000080002f4                OTG_HS_EP1_IN_IRQHandler
                0x00000000080002f4                DMA1_Stream0_IRQHandler
                0x00000000080002f4                CAN1_TX_IRQHandler
                0x00000000080002f4                EXTI4_IRQHandler
                0x00000000080002f4                ETH_IRQHandler
                0x00000000080002f4                OTG_HS_EP1_OUT_IRQHandler
                0x00000000080002f4                WWDG_IRQHandler
                0x00000000080002f4                SPI6_IRQHandler
                0x00000000080002f4                TIM2_IRQHandler
                0x00000000080002f4                OTG_FS_WKUP_IRQHandler
                0x00000000080002f4                TIM1_TRG_COM_TIM11_IRQHandler
                0x00000000080002f4                OTG_HS_IRQHandler
                0x00000000080002f4                DMA2D_IRQHandler
                0x00000000080002f4                EXTI1_IRQHandler
                0x00000000080002f4                UART7_IRQHandler
                0x00000000080002f4                USART2_IRQHandler
                0x00000000080002f4                I2C2_ER_IRQHandler
                0x00000000080002f4                DMA2_Stream1_IRQHandler
                0x00000000080002f4                CAN1_SCE_IRQHandler
                0x00000000080002f4                FLASH_IRQHandler
                0x00000000080002f4                DMA2_Stream4_IRQHandler
                0x00000000080002f4                USART1_IRQHandler
                0x00000000080002f4                OTG_FS_IRQHandler
                0x00000000080002f4                SPI3_IRQHandler
                0x00000000080002f4                DMA1_Stream4_IRQHandler
                0x00000000080002f4                I2C1_ER_IRQHandler
                0x00000000080002f4                FMC_IRQHandler
                0x00000000080002f4                DMA2_Stream6_IRQHandler
                0x00000000080002f4                SAI1_IRQHandler
                0x00000000080002f4                RTC_Alarm_IRQHandler

.inits          0x00000000080002f8       0x28
                0x00000000080002f8                __data_regions_array_start = .
                0x00000000080002f8        0x4 LONG 0x8002428 LOADADDR (.data)
                0x00000000080002fc        0x4 LONG 0x20000000 ADDR (.data)
                0x0000000008000300        0x4 LONG 0x20000088 (ADDR (.data) + SIZEOF (.data))
                0x0000000008000304        0x4 LONG 0x8002428 LOADADDR (.data_CCMRAM)
                0x0000000008000308        0x4 LONG 0x10000000 ADDR (.data_CCMRAM)
                0x000000000800030c        0x4 LONG 0x10000000 (ADDR (.data_CCMRAM) + SIZEOF (.data_CCMRAM))
                0x0000000008000310                __data_regions_array_end = .
                0x0000000008000310                __bss_regions_array_start = .
                0x0000000008000310        0x4 LONG 0x20000088 ADDR (.bss)
                0x0000000008000314        0x4 LONG 0x20000168 (ADDR (.bss) + SIZEOF (.bss))
                0x0000000008000318        0x4 LONG 0x10000000 ADDR (.bss_CCMRAM)
                0x000000000800031c        0x4 LONG 0x10000000 (ADDR (.bss_CCMRAM) + SIZEOF (.bss_CCMRAM))
                0x0000000008000320                __bss_regions_array_end = .
 *(.init)
 *(.fini)
                0x0000000008000320                . = ALIGN (0x4)
                0x0000000008000320                PROVIDE (__preinit_array_start, .)
 *(.preinit_array_sysinit .preinit_array_sysinit.*)
 *(.preinit_array_platform .preinit_array_platform.*)
 *(.preinit_array .preinit_array.*)
                0x0000000008000320                PROVIDE (__preinit_array_end, .)
                0x0000000008000320                . = ALIGN (0x4)
                0x0000000008000320                PROVIDE (__init_array_start, .)
 *(SORT(.init_array.*))
 *(.init_array)
                0x0000000008000320                PROVIDE (__init_array_end, .)
                0x0000000008000320                . = ALIGN (0x4)
                0x0000000008000320                PROVIDE (__fini_array_start, .)
 *(SORT(.fini_array.*))
 *(.fini_array)
                0x0000000008000320                PROVIDE (__fini_array_end, .)

.flashtext
 *(.flashtext .flashtext.*)

.text           0x0000000008000320     0x2107
 *(.text .text.*)
 .text.HAL_MspInit
                0x0000000008000320        0x2 ./system/src/stm32f4-hal/stm32f4xx_hal.o
                0x0000000008000320                HAL_MspInit
 *fill*         0x0000000008000322        0x2 
 .text.HAL_InitTick
                0x0000000008000324       0x28 ./system/src/stm32f4-hal/stm32f4xx_hal.o
                0x0000000008000324                HAL_InitTick
 .text.HAL_Init
                0x000000000800034c       0x34 ./system/src/stm32f4-hal/stm32f4xx_hal.o
                0x000000000800034c                HAL_Init
 .text.HAL_GetTick
                0x0000000008000380        0xc ./system/src/stm32f4-hal/stm32f4xx_hal.o
                0x0000000008000380                HAL_GetTick
 .text.HAL_NVIC_SetPriorityGrouping
                0x000000000800038c       0x3c ./system/src/stm32f4-hal/stm32f4xx_hal_cortex.o
                0x000000000800038c                HAL_NVIC_SetPriorityGrouping
 .text.HAL_NVIC_SetPriority
                0x00000000080003c8       0x88 ./system/src/stm32f4-hal/stm32f4xx_hal_cortex.o
                0x00000000080003c8                HAL_NVIC_SetPriority
 .text.HAL_SYSTICK_Config
                0x0000000008000450       0x2c ./system/src/stm32f4-hal/stm32f4xx_hal_cortex.o
                0x0000000008000450                HAL_SYSTICK_Config
 .text.HAL_SYSTICK_CLKSourceConfig
                0x000000000800047c       0x3c ./system/src/stm32f4-hal/stm32f4xx_hal_cortex.o
                0x000000000800047c                HAL_SYSTICK_CLKSourceConfig
 .text.HAL_GPIO_Init
                0x00000000080004b8      0x2b0 ./system/src/stm32f4-hal/stm32f4xx_hal_gpio.o
                0x00000000080004b8                HAL_GPIO_Init
 .text.HAL_RCC_OscConfig
                0x0000000008000768      0x484 ./system/src/stm32f4-hal/stm32f4xx_hal_rcc.o
                0x0000000008000768                HAL_RCC_OscConfig
 .text.HAL_RCC_ClockConfig
                0x0000000008000bec      0x310 ./system/src/stm32f4-hal/stm32f4xx_hal_rcc.o
                0x0000000008000bec                HAL_RCC_ClockConfig
 .text.HAL_RCC_GetSysClockFreq
                0x0000000008000efc       0xac ./system/src/stm32f4-hal/stm32f4xx_hal_rcc.o
                0x0000000008000efc                HAL_RCC_GetSysClockFreq
 .text.HAL_RCC_GetHCLKFreq
                0x0000000008000fa8       0x38 ./system/src/stm32f4-hal/stm32f4xx_hal_rcc.o
                0x0000000008000fa8                HAL_RCC_GetHCLKFreq
 .text.HAL_RCC_GetPCLK1Freq
                0x0000000008000fe0       0x30 ./system/src/stm32f4-hal/stm32f4xx_hal_rcc.o
                0x0000000008000fe0                HAL_RCC_GetPCLK1Freq
 .text.HAL_RCC_GetPCLK2Freq
                0x0000000008001010       0x30 ./system/src/stm32f4-hal/stm32f4xx_hal_rcc.o
                0x0000000008001010                HAL_RCC_GetPCLK2Freq
 .text.UART_SetConfig
                0x0000000008001040      0x320 ./system/src/stm32f4-hal/stm32f4xx_hal_uart.o
 .text.UART_WaitOnFlagUntilTimeout
                0x0000000008001360       0xd0 ./system/src/stm32f4-hal/stm32f4xx_hal_uart.o
 .text.HAL_UART_Init
                0x0000000008001430       0xe0 ./system/src/stm32f4-hal/stm32f4xx_hal_uart.o
                0x0000000008001430                HAL_UART_Init
 .text.HAL_UART_Transmit
                0x0000000008001510       0xea ./system/src/stm32f4-hal/stm32f4xx_hal_uart.o
                0x0000000008001510                HAL_UART_Transmit
 .text._exit    0x00000000080015fa        0x2 ./system/src/newlib/_exit.o
                0x00000000080015fa                _exit
 .text.abort    0x00000000080015fc       0x14 ./system/src/newlib/_exit.o
                0x00000000080015fc                abort
 .text._sbrk    0x0000000008001610       0x44 ./system/src/newlib/_sbrk.o
                0x0000000008001610                _sbrk
 .text.__initialize_args
                0x0000000008001654       0x10 ./system/src/newlib/_syscalls.o
                0x0000000008001654                __initialize_args
 .text.assert_failed
                0x0000000008001664       0x14 ./system/src/newlib/assert.o
                0x0000000008001664                assert_failed
 .text.trace_printf
                0x0000000008001678       0x30 ./system/src/diag/Trace.o
                0x0000000008001678                trace_printf
 .text.trace_puts
                0x00000000080016a8       0x20 ./system/src/diag/Trace.o
                0x00000000080016a8                trace_puts
 .text._trace_write_semihosting_stdout
                0x00000000080016c8       0x84 ./system/src/diag/trace_impl.o
 .text.trace_write
                0x000000000800174c        0x8 ./system/src/diag/trace_impl.o
                0x000000000800174c                trace_write
 .text.__initialize_hardware_early
                0x0000000008001754        0x8 ./system/src/cortexm/_initialize_hardware.o
                0x0000000008001754                __initialize_hardware_early
 .text.SystemInit
                0x000000000800175c       0x40 ./system/src/cmsis/system_stm32f4xx.o
                0x000000000800175c                SystemInit
 .text.SystemCoreClockUpdate
                0x000000000800179c       0xa0 ./system/src/cmsis/system_stm32f4xx.o
                0x000000000800179c                SystemCoreClockUpdate
 .text.MX_USART2_UART_Init
                0x000000000800183c       0x2c ./src/_initialize_hardware.o
 .text.SystemClock_Config
                0x0000000008001868       0x80 ./src/_initialize_hardware.o
                0x0000000008001868                SystemClock_Config
 .text.__initialize_hardware
                0x00000000080018e8       0x18 ./src/_initialize_hardware.o
                0x00000000080018e8                __initialize_hardware
 .text.HAL_UART_MspInit
                0x0000000008001900       0x4c ./src/_initialize_hardware.o
                0x0000000008001900                HAL_UART_MspInit
 .text.main     0x000000000800194c       0x2c ./src/main.o
                0x000000000800194c                main
 .text.__errno  0x0000000008001978        0xc /Users/evemorgen/opt/gcc-arm-none-eabi-6-2017-q1-update/bin/../lib/gcc/arm-none-eabi/6.3.1/../../../../arm-none-eabi/lib/thumb/v7e-m/libg_nano.a(lib_a-errno.o)
                0x0000000008001978                __errno
 .text          0x0000000008001984       0x10 /Users/evemorgen/opt/gcc-arm-none-eabi-6-2017-q1-update/bin/../lib/gcc/arm-none-eabi/6.3.1/../../../../arm-none-eabi/lib/thumb/v7e-m/libg_nano.a(lib_a-strlen.o)
                0x0000000008001984                strlen
 .text._vsnprintf_r
                0x0000000008001994       0x58 /Users/evemorgen/opt/gcc-arm-none-eabi-6-2017-q1-update/bin/../lib/gcc/arm-none-eabi/6.3.1/../../../../arm-none-eabi/lib/thumb/v7e-m/libg_nano.a(lib_a-vsnprintf.o)
                0x0000000008001994                _vsnprintf_r
                0x0000000008001994                _vsniprintf_r
 .text.vsnprintf
                0x00000000080019ec       0x1c /Users/evemorgen/opt/gcc-arm-none-eabi-6-2017-q1-update/bin/../lib/gcc/arm-none-eabi/6.3.1/../../../../arm-none-eabi/lib/thumb/v7e-m/libg_nano.a(lib_a-vsnprintf.o)
                0x00000000080019ec                vsnprintf
                0x00000000080019ec                vsniprintf
 .text.__ssputs_r
                0x0000000008001a08       0xb6 /Users/evemorgen/opt/gcc-arm-none-eabi-6-2017-q1-update/bin/../lib/gcc/arm-none-eabi/6.3.1/../../../../arm-none-eabi/lib/thumb/v7e-m/libg_nano.a(lib_a-nano-svfprintf.o)
                0x0000000008001a08                __ssputs_r
 *fill*         0x0000000008001abe        0x2 
 .text._svfprintf_r
                0x0000000008001ac0      0x1e8 /Users/evemorgen/opt/gcc-arm-none-eabi-6-2017-q1-update/bin/../lib/gcc/arm-none-eabi/6.3.1/../../../../arm-none-eabi/lib/thumb/v7e-m/libg_nano.a(lib_a-nano-svfprintf.o)
                0x0000000008001ac0                _svfprintf_r
                0x0000000008001ac0                _svfiprintf_r
 .text._printf_common
                0x0000000008001ca8       0xec /Users/evemorgen/opt/gcc-arm-none-eabi-6-2017-q1-update/bin/../lib/gcc/arm-none-eabi/6.3.1/../../../../arm-none-eabi/lib/thumb/v7e-m/libg_nano.a(lib_a-nano-vfprintf_i.o)
                0x0000000008001ca8                _printf_common
 .text._printf_i
                0x0000000008001d94      0x240 /Users/evemorgen/opt/gcc-arm-none-eabi-6-2017-q1-update/bin/../lib/gcc/arm-none-eabi/6.3.1/../../../../arm-none-eabi/lib/thumb/v7e-m/libg_nano.a(lib_a-nano-vfprintf_i.o)
                0x0000000008001d94                _printf_i
 *fill*         0x0000000008001fd4        0xc 
 .text          0x0000000008001fe0       0xa0 /Users/evemorgen/opt/gcc-arm-none-eabi-6-2017-q1-update/bin/../lib/gcc/arm-none-eabi/6.3.1/../../../../arm-none-eabi/lib/thumb/v7e-m/libg_nano.a(lib_a-memchr.o)
                0x0000000008001fe0                memchr
 .text.memcpy   0x0000000008002080       0x16 /Users/evemorgen/opt/gcc-arm-none-eabi-6-2017-q1-update/bin/../lib/gcc/arm-none-eabi/6.3.1/../../../../arm-none-eabi/lib/thumb/v7e-m/libg_nano.a(lib_a-memcpy-stub.o)
                0x0000000008002080                memcpy
 .text.memmove  0x0000000008002096       0x34 /Users/evemorgen/opt/gcc-arm-none-eabi-6-2017-q1-update/bin/../lib/gcc/arm-none-eabi/6.3.1/../../../../arm-none-eabi/lib/thumb/v7e-m/libg_nano.a(lib_a-memmove.o)
                0x0000000008002096                memmove
 *fill*         0x00000000080020ca        0x2 
 .text._free_r  0x00000000080020cc       0x9c /Users/evemorgen/opt/gcc-arm-none-eabi-6-2017-q1-update/bin/../lib/gcc/arm-none-eabi/6.3.1/../../../../arm-none-eabi/lib/thumb/v7e-m/libg_nano.a(lib_a-nano-freer.o)
                0x00000000080020cc                _free_r
 .text._malloc_r
                0x0000000008002168       0xbc /Users/evemorgen/opt/gcc-arm-none-eabi-6-2017-q1-update/bin/../lib/gcc/arm-none-eabi/6.3.1/../../../../arm-none-eabi/lib/thumb/v7e-m/libg_nano.a(lib_a-nano-mallocr.o)
                0x0000000008002168                _malloc_r
 .text._realloc_r
                0x0000000008002224       0x4c /Users/evemorgen/opt/gcc-arm-none-eabi-6-2017-q1-update/bin/../lib/gcc/arm-none-eabi/6.3.1/../../../../arm-none-eabi/lib/thumb/v7e-m/libg_nano.a(lib_a-nano-reallocr.o)
                0x0000000008002224                _realloc_r
 .text._sbrk_r  0x0000000008002270       0x20 /Users/evemorgen/opt/gcc-arm-none-eabi-6-2017-q1-update/bin/../lib/gcc/arm-none-eabi/6.3.1/../../../../arm-none-eabi/lib/thumb/v7e-m/libg_nano.a(lib_a-sbrkr.o)
                0x0000000008002270                _sbrk_r
 .text.__malloc_lock
                0x0000000008002290        0x2 /Users/evemorgen/opt/gcc-arm-none-eabi-6-2017-q1-update/bin/../lib/gcc/arm-none-eabi/6.3.1/../../../../arm-none-eabi/lib/thumb/v7e-m/libg_nano.a(lib_a-mlock.o)
                0x0000000008002290                __malloc_lock
 .text.__malloc_unlock
                0x0000000008002292        0x2 /Users/evemorgen/opt/gcc-arm-none-eabi-6-2017-q1-update/bin/../lib/gcc/arm-none-eabi/6.3.1/../../../../arm-none-eabi/lib/thumb/v7e-m/libg_nano.a(lib_a-mlock.o)
                0x0000000008002292                __malloc_unlock
 .text._malloc_usable_size_r
                0x0000000008002294       0x12 /Users/evemorgen/opt/gcc-arm-none-eabi-6-2017-q1-update/bin/../lib/gcc/arm-none-eabi/6.3.1/../../../../arm-none-eabi/lib/thumb/v7e-m/libg_nano.a(lib_a-nano-msizer.o)
                0x0000000008002294                _malloc_usable_size_r
 *(.rodata .rodata.* .constdata .constdata.*)
 *fill*         0x00000000080022a6        0x2 
 .rodata.HAL_NVIC_SetPriorityGrouping.str1.4
                0x00000000080022a8       0x31 ./system/src/stm32f4-hal/stm32f4xx_hal_cortex.o
 *fill*         0x00000000080022d9        0x3 
 .rodata.HAL_GPIO_Init.str1.4
                0x00000000080022dc       0x2f ./system/src/stm32f4-hal/stm32f4xx_hal_gpio.o
 *fill*         0x000000000800230b        0x1 
 .rodata.APBAHBPrescTable
                0x000000000800230c       0x10 ./system/src/stm32f4-hal/stm32f4xx_hal_rcc.o
                0x000000000800230c                APBAHBPrescTable
 .rodata.HAL_RCC_OscConfig.str1.4
                0x000000000800231c       0x2e ./system/src/stm32f4-hal/stm32f4xx_hal_rcc.o
 *fill*         0x000000000800234a        0x2 
 .rodata.UART_SetConfig.str1.4
                0x000000000800234c       0x2f ./system/src/stm32f4-hal/stm32f4xx_hal_uart.o
 *fill*         0x000000000800237b        0x1 
 .rodata.abort.str1.4
                0x000000000800237c       0x14 ./system/src/newlib/_exit.o
 .rodata.assert_failed.str1.4
                0x0000000008002390       0x2b ./system/src/newlib/assert.o
 *fill*         0x00000000080023bb        0x1 
 .rodata.trace_puts.str1.4
                0x00000000080023bc        0x2 ./system/src/diag/Trace.o
 *fill*         0x00000000080023be        0x2 
 .rodata._trace_write_semihosting_stdout.str1.4
                0x00000000080023c0        0x4 ./system/src/diag/trace_impl.o
 .rodata.main.str1.4
                0x00000000080023c4       0x30 ./src/main.o
                                         0x2d (size before relaxing)
 .rodata._svfprintf_r.str1.1
                0x00000000080023f4       0x11 /Users/evemorgen/opt/gcc-arm-none-eabi-6-2017-q1-update/bin/../lib/gcc/arm-none-eabi/6.3.1/../../../../arm-none-eabi/lib/thumb/v7e-m/libg_nano.a(lib_a-nano-svfprintf.o)
 .rodata._printf_i.str1.1
                0x0000000008002405       0x22 /Users/evemorgen/opt/gcc-arm-none-eabi-6-2017-q1-update/bin/../lib/gcc/arm-none-eabi/6.3.1/../../../../arm-none-eabi/lib/thumb/v7e-m/libg_nano.a(lib_a-nano-vfprintf_i.o)
 *(vtable)
 *(.eh_frame*)
 *(.glue_7)
 .glue_7        0x0000000008002427        0x0 linker stubs
 *(.glue_7t)
 .glue_7t       0x0000000008002427        0x0 linker stubs

.vfp11_veneer   0x0000000008002428        0x0
 .vfp11_veneer  0x0000000008002428        0x0 linker stubs

.v4_bx          0x0000000008002428        0x0
 .v4_bx         0x0000000008002428        0x0 linker stubs

.iplt           0x0000000008002428        0x0
 .iplt          0x0000000008002428        0x0 ./system/src/stm32f4-hal/stm32f4xx_hal.o

.rel.dyn        0x0000000008002428        0x0
 .rel.iplt      0x0000000008002428        0x0 ./system/src/stm32f4-hal/stm32f4xx_hal.o

.ARM.extab
 *(.ARM.extab* .gnu.linkonce.armextab.*)
                0x0000000008002428                . = ALIGN (0x4)
                0x0000000008002428                __exidx_start = .

.ARM.exidx
 *(.ARM.exidx* .gnu.linkonce.armexidx.*)
                0x0000000008002428                __exidx_end = .
                0x0000000008002428                . = ALIGN (0x4)
                0x0000000008002428                _etext = .
                0x0000000008002428                __etext = .

.data_CCMRAM    0x0000000010000000        0x0 load address 0x0000000008002428
 FILL mask 0xff
 *(.data.CCMRAM .data.CCMRAM.*)
                0x0000000010000000                . = ALIGN (0x4)
                0x0000000008002428                _sidata = LOADADDR (.data)

.data           0x0000000020000000       0x88 load address 0x0000000008002428
 FILL mask 0xff
                0x0000000020000000                _sdata = .
                0x0000000020000000                __data_start__ = .
 *(.data_begin .data_begin.*)
 .data_begin    0x0000000020000000        0x4 ./system/src/newlib/_startup.o
 *(.data .data.*)
 .data.argv.4262
                0x0000000020000004        0x8 ./system/src/newlib/_syscalls.o
 .data.AHBPrescTable
                0x000000002000000c       0x10 ./system/src/cmsis/system_stm32f4xx.o
                0x000000002000000c                AHBPrescTable
 .data.SystemCoreClock
                0x000000002000001c        0x4 ./system/src/cmsis/system_stm32f4xx.o
                0x000000002000001c                SystemCoreClock
 .data._impure_ptr
                0x0000000020000020        0x4 /Users/evemorgen/opt/gcc-arm-none-eabi-6-2017-q1-update/bin/../lib/gcc/arm-none-eabi/6.3.1/../../../../arm-none-eabi/lib/thumb/v7e-m/libg_nano.a(lib_a-impure.o)
                0x0000000020000020                _impure_ptr
 .data.impure_data
                0x0000000020000024       0x60 /Users/evemorgen/opt/gcc-arm-none-eabi-6-2017-q1-update/bin/../lib/gcc/arm-none-eabi/6.3.1/../../../../arm-none-eabi/lib/thumb/v7e-m/libg_nano.a(lib_a-impure.o)
 *(.data_end .data_end.*)
 .data_end      0x0000000020000084        0x4 ./system/src/newlib/_startup.o
                0x0000000020000088                . = ALIGN (0x4)
                0x0000000020000088                _edata = .
                0x0000000020000088                __data_end__ = .

.igot.plt       0x0000000020000088        0x0 load address 0x00000000080024b0
 .igot.plt      0x0000000020000088        0x0 ./system/src/stm32f4-hal/stm32f4xx_hal.o

.bss_CCMRAM     0x0000000010000000        0x0
 *(.bss.CCMRAM .bss.CCMRAM.*)

.bss            0x0000000020000088       0xe0
                0x0000000020000088                __bss_start__ = .
                0x0000000020000088                _sbss = .
 *(.bss_begin .bss_begin.*)
 .bss_begin     0x0000000020000088        0x4 ./system/src/newlib/_startup.o
 *(.bss .bss.*)
 .bss.uwTick    0x000000002000008c        0x4 ./system/src/stm32f4-hal/stm32f4xx_hal.o
 .bss.current_heap_end.3947
                0x0000000020000090        0x4 ./system/src/newlib/_sbrk.o
 .bss.name.4261
                0x0000000020000094        0x1 ./system/src/newlib/_syscalls.o
 *fill*         0x0000000020000095        0x3 
 .bss.buf.5152  0x0000000020000098       0x80 ./system/src/diag/Trace.o
 .bss.handle.9905
                0x0000000020000118        0x4 ./system/src/diag/trace_impl.o
 .bss.__malloc_free_list
                0x000000002000011c        0x4 /Users/evemorgen/opt/gcc-arm-none-eabi-6-2017-q1-update/bin/../lib/gcc/arm-none-eabi/6.3.1/../../../../arm-none-eabi/lib/thumb/v7e-m/libg_nano.a(lib_a-nano-mallocr.o)
                0x000000002000011c                __malloc_free_list
 .bss.__malloc_sbrk_start
                0x0000000020000120        0x4 /Users/evemorgen/opt/gcc-arm-none-eabi-6-2017-q1-update/bin/../lib/gcc/arm-none-eabi/6.3.1/../../../../arm-none-eabi/lib/thumb/v7e-m/libg_nano.a(lib_a-nano-mallocr.o)
                0x0000000020000120                __malloc_sbrk_start
 *(COMMON)
 COMMON         0x0000000020000124        0x4 ./system/src/newlib/_syscalls.o
                0x0000000020000124                errno
 COMMON         0x0000000020000128       0x3c ./src/_initialize_hardware.o
                0x0000000020000128                huart2
 *(.bss_end .bss_end.*)
 .bss_end       0x0000000020000164        0x4 ./system/src/newlib/_startup.o
                0x0000000020000168                . = ALIGN (0x4)
                0x0000000020000168                __bss_end__ = .
                0x0000000020000168                _ebss = .

.noinit_CCMRAM
 *(.noinit.CCMRAM .noinit.CCMRAM.*)

.noinit         0x0000000020000168        0x0
                0x0000000020000168                _noinit = .
 *(.noinit .noinit.*)
                0x0000000020000168                . = ALIGN (0x4)
                0x0000000020000168                _end_noinit = .
                [!provide]                        PROVIDE (end, _end_noinit)
                [!provide]                        PROVIDE (_end, _end_noinit)
                [!provide]                        PROVIDE (__end, _end_noinit)
                [!provide]                        PROVIDE (__end__, _end_noinit)

._check_stack   0x0000000020000168      0x100
                0x0000000020000268                . = (. + _Minimum_Stack_Size)
 *fill*         0x0000000020000168      0x100 

.b1text
 *(.b1text)
 *(.b1rodata)
 *(.b1rodata.*)

.eb0text
 *(.eb0text)
 *(.eb0rodata)
 *(.eb0rodata.*)

.eb1text
 *(.eb1text)
 *(.eb1rodata)
 *(.eb1rodata.*)

.eb2text
 *(.eb2text)
 *(.eb2rodata)
 *(.eb2rodata.*)

.eb3text
 *(.eb3text)
 *(.eb3rodata)
 *(.eb3rodata.*)

.stab
 *(.stab)

.stabstr
 *(.stabstr)

.stab.excl
 *(.stab.excl)

.stab.exclstr
 *(.stab.exclstr)

.stab.index
 *(.stab.index)

.stab.indexstr
 *(.stab.indexstr)

.comment        0x0000000000000000       0x7f
 *(.comment)
 .comment       0x0000000000000000       0x7f ./system/src/stm32f4-hal/stm32f4xx_hal.o
                                         0x80 (size before relaxing)
 .comment       0x000000000000007f       0x80 ./system/src/stm32f4-hal/stm32f4xx_hal_cortex.o
 .comment       0x000000000000007f       0x80 ./system/src/stm32f4-hal/stm32f4xx_hal_gpio.o
 .comment       0x000000000000007f       0x80 ./system/src/stm32f4-hal/stm32f4xx_hal_rcc.o
 .comment       0x000000000000007f       0x80 ./system/src/stm32f4-hal/stm32f4xx_hal_uart.o
 .comment       0x000000000000007f       0x80 ./system/src/newlib/_exit.o
 .comment       0x000000000000007f       0x80 ./system/src/newlib/_sbrk.o
 .comment       0x000000000000007f       0x80 ./system/src/newlib/_startup.o
 .comment       0x000000000000007f       0x80 ./system/src/newlib/_syscalls.o
 .comment       0x000000000000007f       0x80 ./system/src/newlib/assert.o
 .comment       0x000000000000007f       0x80 ./system/src/diag/Trace.o
 .comment       0x000000000000007f       0x80 ./system/src/diag/trace_impl.o
 .comment       0x000000000000007f       0x80 ./system/src/cortexm/_initialize_hardware.o
 .comment       0x000000000000007f       0x80 ./system/src/cortexm/exception_handlers.o
 .comment       0x000000000000007f       0x80 ./system/src/cmsis/system_stm32f4xx.o
 .comment       0x000000000000007f       0x80 ./system/src/cmsis/vectors_stm32f4xx.o
 .comment       0x000000000000007f       0x80 ./src/_initialize_hardware.o
 .comment       0x000000000000007f       0x80 ./src/main.o

.ARM.attributes
                0x0000000000000000       0x31
 .ARM.attributes
                0x0000000000000000       0x33 ./system/src/stm32f4-hal/stm32f4xx_hal.o
 .ARM.attributes
                0x0000000000000033       0x33 ./system/src/stm32f4-hal/stm32f4xx_hal_cortex.o
 .ARM.attributes
                0x0000000000000066       0x33 ./system/src/stm32f4-hal/stm32f4xx_hal_gpio.o
 .ARM.attributes
                0x0000000000000099       0x33 ./system/src/stm32f4-hal/stm32f4xx_hal_rcc.o
 .ARM.attributes
                0x00000000000000cc       0x33 ./system/src/stm32f4-hal/stm32f4xx_hal_uart.o
 .ARM.attributes
                0x00000000000000ff       0x33 ./system/src/newlib/_exit.o
 .ARM.attributes
                0x0000000000000132       0x33 ./system/src/newlib/_sbrk.o
 .ARM.attributes
                0x0000000000000165       0x33 ./system/src/newlib/_startup.o
 .ARM.attributes
                0x0000000000000198       0x33 ./system/src/newlib/_syscalls.o
 .ARM.attributes
                0x00000000000001cb       0x33 ./system/src/newlib/assert.o
 .ARM.attributes
                0x00000000000001fe       0x33 ./system/src/diag/Trace.o
 .ARM.attributes
                0x0000000000000231       0x33 ./system/src/diag/trace_impl.o
 .ARM.attributes
                0x0000000000000264       0x33 ./system/src/cortexm/_initialize_hardware.o
 .ARM.attributes
                0x0000000000000297       0x33 ./system/src/cortexm/exception_handlers.o
 .ARM.attributes
                0x00000000000002ca       0x33 ./system/src/cmsis/system_stm32f4xx.o
 .ARM.attributes
                0x00000000000002fd       0x33 ./system/src/cmsis/vectors_stm32f4xx.o
 .ARM.attributes
                0x0000000000000330       0x33 ./src/_initialize_hardware.o
 .ARM.attributes
                0x0000000000000363       0x33 ./src/main.o
 .ARM.attributes
                0x0000000000000396       0x2e /Users/evemorgen/opt/gcc-arm-none-eabi-6-2017-q1-update/bin/../lib/gcc/arm-none-eabi/6.3.1/../../../../arm-none-eabi/lib/thumb/v7e-m/libg_nano.a(lib_a-errno.o)
 .ARM.attributes
                0x00000000000003c4       0x2e /Users/evemorgen/opt/gcc-arm-none-eabi-6-2017-q1-update/bin/../lib/gcc/arm-none-eabi/6.3.1/../../../../arm-none-eabi/lib/thumb/v7e-m/libg_nano.a(lib_a-impure.o)
 .ARM.attributes
                0x00000000000003f2       0x17 /Users/evemorgen/opt/gcc-arm-none-eabi-6-2017-q1-update/bin/../lib/gcc/arm-none-eabi/6.3.1/../../../../arm-none-eabi/lib/thumb/v7e-m/libg_nano.a(lib_a-strlen.o)
 .ARM.attributes
                0x0000000000000409       0x2e /Users/evemorgen/opt/gcc-arm-none-eabi-6-2017-q1-update/bin/../lib/gcc/arm-none-eabi/6.3.1/../../../../arm-none-eabi/lib/thumb/v7e-m/libg_nano.a(lib_a-vsnprintf.o)
 .ARM.attributes
                0x0000000000000437       0x2e /Users/evemorgen/opt/gcc-arm-none-eabi-6-2017-q1-update/bin/../lib/gcc/arm-none-eabi/6.3.1/../../../../arm-none-eabi/lib/thumb/v7e-m/libg_nano.a(lib_a-nano-svfprintf.o)
 .ARM.attributes
                0x0000000000000465       0x2e /Users/evemorgen/opt/gcc-arm-none-eabi-6-2017-q1-update/bin/../lib/gcc/arm-none-eabi/6.3.1/../../../../arm-none-eabi/lib/thumb/v7e-m/libg_nano.a(lib_a-nano-vfprintf_i.o)
 .ARM.attributes
                0x0000000000000493       0x1c /Users/evemorgen/opt/gcc-arm-none-eabi-6-2017-q1-update/bin/../lib/gcc/arm-none-eabi/6.3.1/../../../../arm-none-eabi/lib/thumb/v7e-m/libg_nano.a(lib_a-memchr.o)
 .ARM.attributes
                0x00000000000004af       0x2e /Users/evemorgen/opt/gcc-arm-none-eabi-6-2017-q1-update/bin/../lib/gcc/arm-none-eabi/6.3.1/../../../../arm-none-eabi/lib/thumb/v7e-m/libg_nano.a(lib_a-memcpy-stub.o)
 .ARM.attributes
                0x00000000000004dd       0x2e /Users/evemorgen/opt/gcc-arm-none-eabi-6-2017-q1-update/bin/../lib/gcc/arm-none-eabi/6.3.1/../../../../arm-none-eabi/lib/thumb/v7e-m/libg_nano.a(lib_a-memmove.o)
 .ARM.attributes
                0x000000000000050b       0x2e /Users/evemorgen/opt/gcc-arm-none-eabi-6-2017-q1-update/bin/../lib/gcc/arm-none-eabi/6.3.1/../../../../arm-none-eabi/lib/thumb/v7e-m/libg_nano.a(lib_a-nano-freer.o)
 .ARM.attributes
                0x0000000000000539       0x2e /Users/evemorgen/opt/gcc-arm-none-eabi-6-2017-q1-update/bin/../lib/gcc/arm-none-eabi/6.3.1/../../../../arm-none-eabi/lib/thumb/v7e-m/libg_nano.a(lib_a-nano-mallocr.o)
 .ARM.attributes
                0x0000000000000567       0x2e /Users/evemorgen/opt/gcc-arm-none-eabi-6-2017-q1-update/bin/../lib/gcc/arm-none-eabi/6.3.1/../../../../arm-none-eabi/lib/thumb/v7e-m/libg_nano.a(lib_a-nano-reallocr.o)
 .ARM.attributes
                0x0000000000000595       0x2e /Users/evemorgen/opt/gcc-arm-none-eabi-6-2017-q1-update/bin/../lib/gcc/arm-none-eabi/6.3.1/../../../../arm-none-eabi/lib/thumb/v7e-m/libg_nano.a(lib_a-sbrkr.o)
 .ARM.attributes
                0x00000000000005c3       0x2e /Users/evemorgen/opt/gcc-arm-none-eabi-6-2017-q1-update/bin/../lib/gcc/arm-none-eabi/6.3.1/../../../../arm-none-eabi/lib/thumb/v7e-m/libg_nano.a(lib_a-mlock.o)
 .ARM.attributes
                0x00000000000005f1       0x2e /Users/evemorgen/opt/gcc-arm-none-eabi-6-2017-q1-update/bin/../lib/gcc/arm-none-eabi/6.3.1/../../../../arm-none-eabi/lib/thumb/v7e-m/libg_nano.a(lib_a-nano-msizer.o)

.debug
 *(.debug)

.line
 *(.line)

.debug_srcinfo
 *(.debug_srcinfo)

.debug_sfnames
 *(.debug_sfnames)

.debug_aranges  0x0000000000000000      0x600
 *(.debug_aranges)
 .debug_aranges
                0x0000000000000000       0xd0 ./system/src/stm32f4-hal/stm32f4xx_hal.o
 .debug_aranges
                0x00000000000000d0       0x90 ./system/src/stm32f4-hal/stm32f4xx_hal_cortex.o
 .debug_aranges
                0x0000000000000160       0x58 ./system/src/stm32f4-hal/stm32f4xx_hal_gpio.o
 .debug_aranges
                0x00000000000001b8       0x88 ./system/src/stm32f4-hal/stm32f4xx_hal_rcc.o
 .debug_aranges
                0x0000000000000240      0x148 ./system/src/stm32f4-hal/stm32f4xx_hal_uart.o
 .debug_aranges
                0x0000000000000388       0x28 ./system/src/newlib/_exit.o
 .debug_aranges
                0x00000000000003b0       0x20 ./system/src/newlib/_sbrk.o
 .debug_aranges
                0x00000000000003d0       0x40 ./system/src/newlib/_startup.o
 .debug_aranges
                0x0000000000000410       0x30 ./system/src/newlib/_syscalls.o
 .debug_aranges
                0x0000000000000440       0x28 ./system/src/newlib/assert.o
 .debug_aranges
                0x0000000000000468       0x38 ./system/src/diag/Trace.o
 .debug_aranges
                0x00000000000004a0       0x30 ./system/src/diag/trace_impl.o
 .debug_aranges
                0x00000000000004d0       0x28 ./system/src/cortexm/_initialize_hardware.o
 .debug_aranges
                0x00000000000004f8       0x68 ./system/src/cortexm/exception_handlers.o
 .debug_aranges
                0x0000000000000560       0x28 ./system/src/cmsis/system_stm32f4xx.o
 .debug_aranges
                0x0000000000000588       0x20 ./system/src/cmsis/vectors_stm32f4xx.o
 .debug_aranges
                0x00000000000005a8       0x38 ./src/_initialize_hardware.o
 .debug_aranges
                0x00000000000005e0       0x20 ./src/main.o

.debug_pubnames
 *(.debug_pubnames)

.debug_info     0x0000000000000000     0x9fa3
 *(.debug_info .gnu.linkonce.wi.*)
 .debug_info    0x0000000000000000      0x8d4 ./system/src/stm32f4-hal/stm32f4xx_hal.o
 .debug_info    0x00000000000008d4      0xd85 ./system/src/stm32f4-hal/stm32f4xx_hal_cortex.o
 .debug_info    0x0000000000001659      0x83d ./system/src/stm32f4-hal/stm32f4xx_hal_gpio.o
 .debug_info    0x0000000000001e96     0x126c ./system/src/stm32f4-hal/stm32f4xx_hal_rcc.o
 .debug_info    0x0000000000003102     0x139f ./system/src/stm32f4-hal/stm32f4xx_hal_uart.o
 .debug_info    0x00000000000044a1      0x95d ./system/src/newlib/_exit.o
 .debug_info    0x0000000000004dfe      0x949 ./system/src/newlib/_sbrk.o
 .debug_info    0x0000000000005747      0x4c7 ./system/src/newlib/_startup.o
 .debug_info    0x0000000000005c0e      0xa0f ./system/src/newlib/_syscalls.o
 .debug_info    0x000000000000661d      0xa06 ./system/src/newlib/assert.o
 .debug_info    0x0000000000007023      0xb31 ./system/src/diag/Trace.o
 .debug_info    0x0000000000007b54      0x3a0 ./system/src/diag/trace_impl.o
 .debug_info    0x0000000000007ef4       0xfd ./system/src/cortexm/_initialize_hardware.o
 .debug_info    0x0000000000007ff1       0xed ./system/src/cortexm/exception_handlers.o
 .debug_info    0x00000000000080de      0x4d1 ./system/src/cmsis/system_stm32f4xx.o
 .debug_info    0x00000000000085af       0x92 ./system/src/cmsis/vectors_stm32f4xx.o
 .debug_info    0x0000000000008641      0xaf1 ./src/_initialize_hardware.o
 .debug_info    0x0000000000009132      0xe71 ./src/main.o

.debug_abbrev   0x0000000000000000     0x20eb
 *(.debug_abbrev)
 .debug_abbrev  0x0000000000000000      0x1e2 ./system/src/stm32f4-hal/stm32f4xx_hal.o
 .debug_abbrev  0x00000000000001e2      0x308 ./system/src/stm32f4-hal/stm32f4xx_hal_cortex.o
 .debug_abbrev  0x00000000000004ea      0x1fb ./system/src/stm32f4-hal/stm32f4xx_hal_gpio.o
 .debug_abbrev  0x00000000000006e5      0x2b4 ./system/src/stm32f4-hal/stm32f4xx_hal_rcc.o
 .debug_abbrev  0x0000000000000999      0x236 ./system/src/stm32f4-hal/stm32f4xx_hal_uart.o
 .debug_abbrev  0x0000000000000bcf      0x1f3 ./system/src/newlib/_exit.o
 .debug_abbrev  0x0000000000000dc2      0x1fc ./system/src/newlib/_sbrk.o
 .debug_abbrev  0x0000000000000fbe      0x1e2 ./system/src/newlib/_startup.o
 .debug_abbrev  0x00000000000011a0      0x234 ./system/src/newlib/_syscalls.o
 .debug_abbrev  0x00000000000013d4      0x1f3 ./system/src/newlib/assert.o
 .debug_abbrev  0x00000000000015c7      0x276 ./system/src/diag/Trace.o
 .debug_abbrev  0x000000000000183d      0x1ea ./system/src/diag/trace_impl.o
 .debug_abbrev  0x0000000000001a27       0x99 ./system/src/cortexm/_initialize_hardware.o
 .debug_abbrev  0x0000000000001ac0       0x68 ./system/src/cortexm/exception_handlers.o
 .debug_abbrev  0x0000000000001b28      0x122 ./system/src/cmsis/system_stm32f4xx.o
 .debug_abbrev  0x0000000000001c4a       0x92 ./system/src/cmsis/vectors_stm32f4xx.o
 .debug_abbrev  0x0000000000001cdc      0x1d1 ./src/_initialize_hardware.o
 .debug_abbrev  0x0000000000001ead      0x23e ./src/main.o

.debug_line     0x0000000000000000     0x7438
 *(.debug_line)
 .debug_line    0x0000000000000000      0x872 ./system/src/stm32f4-hal/stm32f4xx_hal.o
 .debug_line    0x0000000000000872      0x8b1 ./system/src/stm32f4-hal/stm32f4xx_hal_cortex.o
 .debug_line    0x0000000000001123      0x8fb ./system/src/stm32f4-hal/stm32f4xx_hal_gpio.o
 .debug_line    0x0000000000001a1e      0xba4 ./system/src/stm32f4-hal/stm32f4xx_hal_rcc.o
 .debug_line    0x00000000000025c2      0xf59 ./system/src/stm32f4-hal/stm32f4xx_hal_uart.o
 .debug_line    0x000000000000351b      0x34b ./system/src/newlib/_exit.o
 .debug_line    0x0000000000003866      0x300 ./system/src/newlib/_sbrk.o
 .debug_line    0x0000000000003b66      0x3c8 ./system/src/newlib/_startup.o
 .debug_line    0x0000000000003f2e      0x417 ./system/src/newlib/_syscalls.o
 .debug_line    0x0000000000004345      0x386 ./system/src/newlib/assert.o
 .debug_line    0x00000000000046cb      0x3b7 ./system/src/diag/Trace.o
 .debug_line    0x0000000000004a82      0x9c2 ./system/src/diag/trace_impl.o
 .debug_line    0x0000000000005444      0x706 ./system/src/cortexm/_initialize_hardware.o
 .debug_line    0x0000000000005b4a       0x9f ./system/src/cortexm/exception_handlers.o
 .debug_line    0x0000000000005be9      0x70f ./system/src/cmsis/system_stm32f4xx.o
 .debug_line    0x00000000000062f8       0x89 ./system/src/cmsis/vectors_stm32f4xx.o
 .debug_line    0x0000000000006381      0x736 ./src/_initialize_hardware.o
 .debug_line    0x0000000000006ab7      0x981 ./src/main.o

.debug_frame    0x0000000000000000      0xf98
 *(.debug_frame)
 .debug_frame   0x0000000000000000      0x1a8 ./system/src/stm32f4-hal/stm32f4xx_hal.o
 .debug_frame   0x00000000000001a8      0x134 ./system/src/stm32f4-hal/stm32f4xx_hal_cortex.o
 .debug_frame   0x00000000000002dc       0xfc ./system/src/stm32f4-hal/stm32f4xx_hal_gpio.o
 .debug_frame   0x00000000000003d8      0x140 ./system/src/stm32f4-hal/stm32f4xx_hal_rcc.o
 .debug_frame   0x0000000000000518      0x36c ./system/src/stm32f4-hal/stm32f4xx_hal_uart.o
 .debug_frame   0x0000000000000884       0x38 ./system/src/newlib/_exit.o
 .debug_frame   0x00000000000008bc       0x28 ./system/src/newlib/_sbrk.o
 .debug_frame   0x00000000000008e4       0x7c ./system/src/newlib/_startup.o
 .debug_frame   0x0000000000000960       0x50 ./system/src/newlib/_syscalls.o
 .debug_frame   0x00000000000009b0       0x40 ./system/src/newlib/assert.o
 .debug_frame   0x00000000000009f0       0x94 ./system/src/diag/Trace.o
 .debug_frame   0x0000000000000a84       0x60 ./system/src/diag/trace_impl.o
 .debug_frame   0x0000000000000ae4       0x40 ./system/src/cortexm/_initialize_hardware.o
 .debug_frame   0x0000000000000b24       0xb8 ./system/src/cortexm/exception_handlers.o
 .debug_frame   0x0000000000000bdc       0x30 ./system/src/cmsis/system_stm32f4xx.o
 .debug_frame   0x0000000000000c0c       0x20 ./system/src/cmsis/vectors_stm32f4xx.o
 .debug_frame   0x0000000000000c2c       0x7c ./src/_initialize_hardware.o
 .debug_frame   0x0000000000000ca8       0x28 ./src/main.o
 .debug_frame   0x0000000000000cd0       0x20 /Users/evemorgen/opt/gcc-arm-none-eabi-6-2017-q1-update/bin/../lib/gcc/arm-none-eabi/6.3.1/../../../../arm-none-eabi/lib/thumb/v7e-m/libg_nano.a(lib_a-errno.o)
 .debug_frame   0x0000000000000cf0       0x4c /Users/evemorgen/opt/gcc-arm-none-eabi-6-2017-q1-update/bin/../lib/gcc/arm-none-eabi/6.3.1/../../../../arm-none-eabi/lib/thumb/v7e-m/libg_nano.a(lib_a-vsnprintf.o)
 .debug_frame   0x0000000000000d3c       0x90 /Users/evemorgen/opt/gcc-arm-none-eabi-6-2017-q1-update/bin/../lib/gcc/arm-none-eabi/6.3.1/../../../../arm-none-eabi/lib/thumb/v7e-m/libg_nano.a(lib_a-nano-svfprintf.o)
 .debug_frame   0x0000000000000dcc       0x60 /Users/evemorgen/opt/gcc-arm-none-eabi-6-2017-q1-update/bin/../lib/gcc/arm-none-eabi/6.3.1/../../../../arm-none-eabi/lib/thumb/v7e-m/libg_nano.a(lib_a-nano-vfprintf_i.o)
 .debug_frame   0x0000000000000e2c       0x28 /Users/evemorgen/opt/gcc-arm-none-eabi-6-2017-q1-update/bin/../lib/gcc/arm-none-eabi/6.3.1/../../../../arm-none-eabi/lib/thumb/v7e-m/libg_nano.a(lib_a-memcpy-stub.o)
 .debug_frame   0x0000000000000e54       0x28 /Users/evemorgen/opt/gcc-arm-none-eabi-6-2017-q1-update/bin/../lib/gcc/arm-none-eabi/6.3.1/../../../../arm-none-eabi/lib/thumb/v7e-m/libg_nano.a(lib_a-memmove.o)
 .debug_frame   0x0000000000000e7c       0x38 /Users/evemorgen/opt/gcc-arm-none-eabi-6-2017-q1-update/bin/../lib/gcc/arm-none-eabi/6.3.1/../../../../arm-none-eabi/lib/thumb/v7e-m/libg_nano.a(lib_a-nano-freer.o)
 .debug_frame   0x0000000000000eb4       0x2c /Users/evemorgen/opt/gcc-arm-none-eabi-6-2017-q1-update/bin/../lib/gcc/arm-none-eabi/6.3.1/../../../../arm-none-eabi/lib/thumb/v7e-m/libg_nano.a(lib_a-nano-mallocr.o)
 .debug_frame   0x0000000000000ee0       0x3c /Users/evemorgen/opt/gcc-arm-none-eabi-6-2017-q1-update/bin/../lib/gcc/arm-none-eabi/6.3.1/../../../../arm-none-eabi/lib/thumb/v7e-m/libg_nano.a(lib_a-nano-reallocr.o)
 .debug_frame   0x0000000000000f1c       0x2c /Users/evemorgen/opt/gcc-arm-none-eabi-6-2017-q1-update/bin/../lib/gcc/arm-none-eabi/6.3.1/../../../../arm-none-eabi/lib/thumb/v7e-m/libg_nano.a(lib_a-sbrkr.o)
 .debug_frame   0x0000000000000f48       0x30 /Users/evemorgen/opt/gcc-arm-none-eabi-6-2017-q1-update/bin/../lib/gcc/arm-none-eabi/6.3.1/../../../../arm-none-eabi/lib/thumb/v7e-m/libg_nano.a(lib_a-mlock.o)
 .debug_frame   0x0000000000000f78       0x20 /Users/evemorgen/opt/gcc-arm-none-eabi-6-2017-q1-update/bin/../lib/gcc/arm-none-eabi/6.3.1/../../../../arm-none-eabi/lib/thumb/v7e-m/libg_nano.a(lib_a-nano-msizer.o)

.debug_str      0x0000000000000000    0x92fb8
 *(.debug_str)
 .debug_str     0x0000000000000000    0x8a844 ./system/src/stm32f4-hal/stm32f4xx_hal.o
                                      0x8aa55 (size before relaxing)
 .debug_str     0x000000000008a844      0x2ad ./system/src/stm32f4-hal/stm32f4xx_hal_cortex.o
                                      0x8a7dd (size before relaxing)
 .debug_str     0x000000000008aaf1      0x5f5 ./system/src/stm32f4-hal/stm32f4xx_hal_gpio.o
                                      0x8a5c2 (size before relaxing)
 .debug_str     0x000000000008b0e6      0x420 ./system/src/stm32f4-hal/stm32f4xx_hal_rcc.o
                                      0x8a4c2 (size before relaxing)
 .debug_str     0x000000000008b506      0x830 ./system/src/stm32f4-hal/stm32f4xx_hal_uart.o
                                      0x8a76d (size before relaxing)
 .debug_str     0x000000000008bd36     0x4d71 ./system/src/newlib/_exit.o
                                       0x7501 (size before relaxing)
 .debug_str     0x0000000000090aa7      0x4f5 ./system/src/newlib/_sbrk.o
                                       0x68b3 (size before relaxing)
 .debug_str     0x0000000000090f9c      0x2d4 ./system/src/newlib/_startup.o
                                       0x60b1 (size before relaxing)
 .debug_str     0x0000000000091270      0xe1f ./system/src/newlib/_syscalls.o
                                       0x7722 (size before relaxing)
 .debug_str     0x000000000009208f       0xd0 ./system/src/newlib/assert.o
                                       0x8006 (size before relaxing)
 .debug_str     0x000000000009215f      0x883 ./system/src/diag/Trace.o
                                       0x7ce7 (size before relaxing)
 .debug_str     0x00000000000929e2      0x37f ./system/src/diag/trace_impl.o
                                      0x8df62 (size before relaxing)
 .debug_str     0x0000000000092d61       0x4e ./system/src/cortexm/_initialize_hardware.o
                                      0x89ed9 (size before relaxing)
 .debug_str     0x0000000000092daf       0xe8 ./system/src/cortexm/exception_handlers.o
                                       0x268a (size before relaxing)
 .debug_str     0x0000000000092e97       0x46 ./system/src/cmsis/system_stm32f4xx.o
                                      0x8a031 (size before relaxing)
 .debug_str     0x0000000000092edd       0x57 ./system/src/cmsis/vectors_stm32f4xx.o
                                       0x2627 (size before relaxing)
 .debug_str     0x0000000000092f34       0x4c ./src/_initialize_hardware.o
                                      0x8a6b2 (size before relaxing)
 .debug_str     0x0000000000092f80       0x38 ./src/main.o
                                      0x8f819 (size before relaxing)

.debug_loc      0x0000000000000000     0x2c05
 *(.debug_loc)
 .debug_loc     0x0000000000000000       0x6a ./system/src/stm32f4-hal/stm32f4xx_hal.o
 .debug_loc     0x000000000000006a      0x6d3 ./system/src/stm32f4-hal/stm32f4xx_hal_cortex.o
 .debug_loc     0x000000000000073d      0x599 ./system/src/stm32f4-hal/stm32f4xx_hal_gpio.o
 .debug_loc     0x0000000000000cd6      0x581 ./system/src/stm32f4-hal/stm32f4xx_hal_rcc.o
 .debug_loc     0x0000000000001257     0x10e2 ./system/src/stm32f4-hal/stm32f4xx_hal_uart.o
 .debug_loc     0x0000000000002339       0x85 ./system/src/newlib/_sbrk.o
 .debug_loc     0x00000000000023be      0x2d3 ./system/src/newlib/_startup.o
 .debug_loc     0x0000000000002691       0x63 ./system/src/newlib/_syscalls.o
 .debug_loc     0x00000000000026f4      0x134 ./system/src/newlib/assert.o
 .debug_loc     0x0000000000002828       0xf6 ./system/src/diag/Trace.o
 .debug_loc     0x000000000000291e      0x146 ./system/src/diag/trace_impl.o
 .debug_loc     0x0000000000002a64      0x13e ./system/src/cmsis/system_stm32f4xx.o
 .debug_loc     0x0000000000002ba2       0x21 ./src/_initialize_hardware.o
 .debug_loc     0x0000000000002bc3       0x42 ./src/main.o

.debug_macinfo
 *(.debug_macinfo)

.debug_weaknames
 *(.debug_weaknames)

.debug_funcnames
 *(.debug_funcnames)

.debug_typenames
 *(.debug_typenames)

.debug_varnames
 *(.debug_varnames)
OUTPUT(STM32_UART_TEST.elf elf32-littlearm)

.debug_ranges   0x0000000000000000      0x5d0
 .debug_ranges  0x0000000000000000       0xc0 ./system/src/stm32f4-hal/stm32f4xx_hal.o
 .debug_ranges  0x00000000000000c0      0x110 ./system/src/stm32f4-hal/stm32f4xx_hal_cortex.o
 .debug_ranges  0x00000000000001d0       0x48 ./system/src/stm32f4-hal/stm32f4xx_hal_gpio.o
 .debug_ranges  0x0000000000000218       0x78 ./system/src/stm32f4-hal/stm32f4xx_hal_rcc.o
 .debug_ranges  0x0000000000000290      0x138 ./system/src/stm32f4-hal/stm32f4xx_hal_uart.o
 .debug_ranges  0x00000000000003c8       0x18 ./system/src/newlib/_exit.o
 .debug_ranges  0x00000000000003e0       0x10 ./system/src/newlib/_sbrk.o
 .debug_ranges  0x00000000000003f0       0x90 ./system/src/newlib/_startup.o
 .debug_ranges  0x0000000000000480       0x20 ./system/src/newlib/_syscalls.o
 .debug_ranges  0x00000000000004a0       0x18 ./system/src/newlib/assert.o
 .debug_ranges  0x00000000000004b8       0x28 ./system/src/diag/Trace.o
 .debug_ranges  0x00000000000004e0       0x20 ./system/src/diag/trace_impl.o
 .debug_ranges  0x0000000000000500       0x18 ./system/src/cortexm/_initialize_hardware.o
 .debug_ranges  0x0000000000000518       0x58 ./system/src/cortexm/exception_handlers.o
 .debug_ranges  0x0000000000000570       0x18 ./system/src/cmsis/system_stm32f4xx.o
 .debug_ranges  0x0000000000000588       0x10 ./system/src/cmsis/vectors_stm32f4xx.o
 .debug_ranges  0x0000000000000598       0x28 ./src/_initialize_hardware.o
 .debug_ranges  0x00000000000005c0       0x10 ./src/main.o

.debug_macro    0x0000000000000000    0x17750
 .debug_macro   0x0000000000000000      0x32f ./system/src/stm32f4-hal/stm32f4xx_hal.o
 .debug_macro   0x000000000000032f      0x8c2 ./system/src/stm32f4-hal/stm32f4xx_hal.o
 .debug_macro   0x0000000000000bf1      0x250 ./system/src/stm32f4-hal/stm32f4xx_hal.o
 .debug_macro   0x0000000000000e41       0x28 ./system/src/stm32f4-hal/stm32f4xx_hal.o
 .debug_macro   0x0000000000000e69       0x28 ./system/src/stm32f4-hal/stm32f4xx_hal.o
 .debug_macro   0x0000000000000e91       0x3b ./system/src/stm32f4-hal/stm32f4xx_hal.o
 .debug_macro   0x0000000000000ecc      0x34e ./system/src/stm32f4-hal/stm32f4xx_hal.o
 .debug_macro   0x000000000000121a       0x2d ./system/src/stm32f4-hal/stm32f4xx_hal.o
 .debug_macro   0x0000000000001247       0x26 ./system/src/stm32f4-hal/stm32f4xx_hal.o
 .debug_macro   0x000000000000126d      0xd39 ./system/src/stm32f4-hal/stm32f4xx_hal.o
 .debug_macro   0x0000000000001fa6     0x9f0c ./system/src/stm32f4-hal/stm32f4xx_hal.o
 .debug_macro   0x000000000000beb2       0x43 ./system/src/stm32f4-hal/stm32f4xx_hal.o
 .debug_macro   0x000000000000bef5       0x57 ./system/src/stm32f4-hal/stm32f4xx_hal.o
 .debug_macro   0x000000000000bf4c      0xb9c ./system/src/stm32f4-hal/stm32f4xx_hal.o
 .debug_macro   0x000000000000cae8      0x6bd ./system/src/stm32f4-hal/stm32f4xx_hal.o
 .debug_macro   0x000000000000d1a5      0x13f ./system/src/stm32f4-hal/stm32f4xx_hal.o
 .debug_macro   0x000000000000d2e4      0x155 ./system/src/stm32f4-hal/stm32f4xx_hal.o
 .debug_macro   0x000000000000d439      0x2cd ./system/src/stm32f4-hal/stm32f4xx_hal.o
 .debug_macro   0x000000000000d706       0x52 ./system/src/stm32f4-hal/stm32f4xx_hal.o
 .debug_macro   0x000000000000d758      0x3ec ./system/src/stm32f4-hal/stm32f4xx_hal.o
 .debug_macro   0x000000000000db44      0x14c ./system/src/stm32f4-hal/stm32f4xx_hal.o
 .debug_macro   0x000000000000dc90      0x3c2 ./system/src/stm32f4-hal/stm32f4xx_hal.o
 .debug_macro   0x000000000000e052       0x22 ./system/src/stm32f4-hal/stm32f4xx_hal.o
 .debug_macro   0x000000000000e074      0x1f3 ./system/src/stm32f4-hal/stm32f4xx_hal.o
 .debug_macro   0x000000000000e267      0x11f ./system/src/stm32f4-hal/stm32f4xx_hal.o
 .debug_macro   0x000000000000e386       0xcd ./system/src/stm32f4-hal/stm32f4xx_hal.o
 .debug_macro   0x000000000000e453      0x1d1 ./system/src/stm32f4-hal/stm32f4xx_hal.o
 .debug_macro   0x000000000000e624      0xde0 ./system/src/stm32f4-hal/stm32f4xx_hal.o
 .debug_macro   0x000000000000f404      0x132 ./system/src/stm32f4-hal/stm32f4xx_hal.o
 .debug_macro   0x000000000000f536      0x416 ./system/src/stm32f4-hal/stm32f4xx_hal.o
 .debug_macro   0x000000000000f94c      0x55c ./system/src/stm32f4-hal/stm32f4xx_hal.o
 .debug_macro   0x000000000000fea8       0x88 ./system/src/stm32f4-hal/stm32f4xx_hal.o
 .debug_macro   0x000000000000ff30       0xd5 ./system/src/stm32f4-hal/stm32f4xx_hal.o
 .debug_macro   0x0000000000010005       0xa1 ./system/src/stm32f4-hal/stm32f4xx_hal.o
 .debug_macro   0x00000000000100a6       0x10 ./system/src/stm32f4-hal/stm32f4xx_hal.o
 .debug_macro   0x00000000000100b6      0x1e6 ./system/src/stm32f4-hal/stm32f4xx_hal.o
 .debug_macro   0x000000000001029c       0x22 ./system/src/stm32f4-hal/stm32f4xx_hal.o
 .debug_macro   0x00000000000102be      0x1ae ./system/src/stm32f4-hal/stm32f4xx_hal.o
 .debug_macro   0x000000000001046c       0xa4 ./system/src/stm32f4-hal/stm32f4xx_hal.o
 .debug_macro   0x0000000000010510      0x24e ./system/src/stm32f4-hal/stm32f4xx_hal.o
 .debug_macro   0x000000000001075e      0x16e ./system/src/stm32f4-hal/stm32f4xx_hal.o
 .debug_macro   0x00000000000108cc       0xaa ./system/src/stm32f4-hal/stm32f4xx_hal.o
 .debug_macro   0x0000000000010976       0x6c ./system/src/stm32f4-hal/stm32f4xx_hal.o
 .debug_macro   0x00000000000109e2      0x3d7 ./system/src/stm32f4-hal/stm32f4xx_hal.o
 .debug_macro   0x0000000000010db9      0x313 ./system/src/stm32f4-hal/stm32f4xx_hal.o
 .debug_macro   0x00000000000110cc      0x3d7 ./system/src/stm32f4-hal/stm32f4xx_hal.o
 .debug_macro   0x00000000000114a3      0x4b7 ./system/src/stm32f4-hal/stm32f4xx_hal.o
 .debug_macro   0x000000000001195a      0x22b ./system/src/stm32f4-hal/stm32f4xx_hal.o
 .debug_macro   0x0000000000011b85      0x1d1 ./system/src/stm32f4-hal/stm32f4xx_hal.o
 .debug_macro   0x0000000000011d56      0x84c ./system/src/stm32f4-hal/stm32f4xx_hal.o
 .debug_macro   0x00000000000125a2       0x4d ./system/src/stm32f4-hal/stm32f4xx_hal.o
 .debug_macro   0x00000000000125ef      0x23a ./system/src/stm32f4-hal/stm32f4xx_hal.o
 .debug_macro   0x0000000000012829      0x1d8 ./system/src/stm32f4-hal/stm32f4xx_hal.o
 .debug_macro   0x0000000000012a01      0x168 ./system/src/stm32f4-hal/stm32f4xx_hal.o
 .debug_macro   0x0000000000012b69      0x1d8 ./system/src/stm32f4-hal/stm32f4xx_hal.o
 .debug_macro   0x0000000000012d41       0x85 ./system/src/stm32f4-hal/stm32f4xx_hal.o
 .debug_macro   0x0000000000012dc6      0x1df ./system/src/stm32f4-hal/stm32f4xx_hal.o
 .debug_macro   0x0000000000012fa5      0x108 ./system/src/stm32f4-hal/stm32f4xx_hal.o
 .debug_macro   0x00000000000130ad       0x12 ./system/src/stm32f4-hal/stm32f4xx_hal.o
 .debug_macro   0x00000000000130bf       0x74 ./system/src/stm32f4-hal/stm32f4xx_hal.o
 .debug_macro   0x0000000000013133      0x12d ./system/src/stm32f4-hal/stm32f4xx_hal.o
 .debug_macro   0x0000000000013260      0x2e1 ./system/src/stm32f4-hal/stm32f4xx_hal_cortex.o
 .debug_macro   0x0000000000013541      0x320 ./system/src/stm32f4-hal/stm32f4xx_hal_gpio.o
 .debug_macro   0x0000000000013861      0x323 ./system/src/stm32f4-hal/stm32f4xx_hal_rcc.o
 .debug_macro   0x0000000000013b84      0x2e9 ./system/src/stm32f4-hal/stm32f4xx_hal_uart.o
 .debug_macro   0x0000000000013e6d      0x1a7 ./system/src/newlib/_exit.o
 .debug_macro   0x0000000000014014       0x9c ./system/src/newlib/_exit.o
 .debug_macro   0x00000000000140b0      0x10e ./system/src/newlib/_exit.o
 .debug_macro   0x00000000000141be       0x8d ./system/src/newlib/_exit.o
 .debug_macro   0x000000000001424b       0x43 ./system/src/newlib/_exit.o
 .debug_macro   0x000000000001428e      0x30d ./system/src/newlib/_exit.o
 .debug_macro   0x000000000001459b       0x35 ./system/src/newlib/_exit.o
 .debug_macro   0x00000000000145d0      0x15c ./system/src/newlib/_sbrk.o
 .debug_macro   0x000000000001472c      0x174 ./system/src/newlib/_sbrk.o
 .debug_macro   0x00000000000148a0       0x10 ./system/src/newlib/_sbrk.o
 .debug_macro   0x00000000000148b0      0x23b ./system/src/newlib/_sbrk.o
 .debug_macro   0x0000000000014aeb      0x166 ./system/src/newlib/_startup.o
 .debug_macro   0x0000000000014c51      0x8bc ./system/src/newlib/_startup.o
 .debug_macro   0x000000000001550d      0x20a ./system/src/newlib/_syscalls.o
 .debug_macro   0x0000000000015717       0x1c ./system/src/newlib/_syscalls.o
 .debug_macro   0x0000000000015733       0x10 ./system/src/newlib/_syscalls.o
 .debug_macro   0x0000000000015743       0x10 ./system/src/newlib/_syscalls.o
 .debug_macro   0x0000000000015753       0x10 ./system/src/newlib/_syscalls.o
 .debug_macro   0x0000000000015763       0x35 ./system/src/newlib/_syscalls.o
 .debug_macro   0x0000000000015798      0x122 ./system/src/newlib/_syscalls.o
 .debug_macro   0x00000000000158ba       0x88 ./system/src/newlib/_syscalls.o
 .debug_macro   0x0000000000015942       0x2b ./system/src/newlib/_syscalls.o
 .debug_macro   0x000000000001596d      0x118 ./system/src/newlib/_syscalls.o
 .debug_macro   0x0000000000015a85      0x159 ./system/src/newlib/_syscalls.o
 .debug_macro   0x0000000000015bde       0x16 ./system/src/newlib/_syscalls.o
 .debug_macro   0x0000000000015bf4      0x1c3 ./system/src/newlib/assert.o
 .debug_macro   0x0000000000015db7       0x1c ./system/src/newlib/assert.o
 .debug_macro   0x0000000000015dd3      0x1e4 ./system/src/diag/Trace.o
 .debug_macro   0x0000000000015fb7       0x16 ./system/src/diag/Trace.o
 .debug_macro   0x0000000000015fcd       0x97 ./system/src/diag/Trace.o
 .debug_macro   0x0000000000016064       0xfd ./system/src/diag/Trace.o
 .debug_macro   0x0000000000016161       0x10 ./system/src/diag/Trace.o
 .debug_macro   0x0000000000016171       0x16 ./system/src/diag/Trace.o
 .debug_macro   0x0000000000016187      0x18b ./system/src/diag/Trace.o
 .debug_macro   0x0000000000016312       0x4c ./system/src/diag/Trace.o
 .debug_macro   0x000000000001635e       0x16 ./system/src/diag/Trace.o
 .debug_macro   0x0000000000016374      0x445 ./system/src/diag/trace_impl.o
 .debug_macro   0x00000000000167b9       0x10 ./system/src/diag/trace_impl.o
 .debug_macro   0x00000000000167c9       0xcf ./system/src/diag/trace_impl.o
 .debug_macro   0x0000000000016898       0xbe ./system/src/diag/trace_impl.o
 .debug_macro   0x0000000000016956       0x22 ./system/src/diag/trace_impl.o
 .debug_macro   0x0000000000016978      0x2eb ./system/src/cortexm/_initialize_hardware.o
 .debug_macro   0x0000000000016c63       0x1b ./system/src/cortexm/exception_handlers.o
 .debug_macro   0x0000000000016c7e      0x2e7 ./system/src/cmsis/system_stm32f4xx.o
 .debug_macro   0x0000000000016f65       0x1b ./system/src/cmsis/vectors_stm32f4xx.o
 .debug_macro   0x0000000000016f80      0x2e1 ./src/_initialize_hardware.o
 .debug_macro   0x0000000000017261      0x4a5 ./src/main.o
 .debug_macro   0x0000000000017706       0x4a ./src/main.o
